[WARN][AppLauncher]: There are no arguments attached to the ArgumentParser object. If you have your own arguments, please load your own arguments before calling the `AppLauncher.add_app_launcher_args` method. This allows the method to check the validity of the arguments and perform checks for argument names.
The '--headless' CLI argument is deprecated. Omit '--viz' for default headless. If config visualizers are enabled and you want to force headless, use '--viz none'.
WARNING: All log messages before absl::InitializeLog() is called are written to STDERR
E0000 00:00:1787252248.606926  449446 descriptor_database.cc:633] File already exists in database: grpc/health/v1/health.proto
W0000 00:00:1787252248.606959  449446 message.cc:301] Protobuf GeneratedMessageFactory: File is already registered: grpc/health/v1/health.proto
[ISAACLAB] AppLauncher initialization complete
[INFO]: Base environment:
	Environment device    : cuda:0
	Environment seed      : None
	Physics step-size     : 0.005
	Rendering step-size   : 0.02
	Environment step-size : 0.02
[INFO]: Registered backend 'physx' for factory Articulation.
[INFO]: Registered backend 'physx' for factory FrameView.
[INFO]: Registered backend 'physx' for factory RayCaster.
[INFO]: Physics scene prim path: /physicsScene
[INFO]: Time taken for scene creation Last: 1.418695 s, Mean: 1.418695 s, Std: 0.000000 s, N: 1
[INFO]: Scene manager:  <class InteractiveScene>
	Number of environments: 1
	Environment spacing   : 2.5
	Source prim name      : /World/envs/env_0
	Global prim paths     : ['/World/ground']
	Replicate physics     : True
[INFO]: Simulation parameters for joints in /World/envs/env_.*/Robot:
+----------------------------------------------------------------------------------------------------------------------------------------------------------------------+
|                                                  Simulation Joint Information (Prim path: /World/envs/env_.*/Robot)                                                  |
+-------+----------------+-----------+---------+----------+-----------------+------------------+------------------+------------------+-----------------+---------------+
| Index | Name           | Stiffness | Damping | Armature | Static Friction | Dynamic Friction | Viscous Friction | Position Limits  | Velocity Limits | Effort Limits |
+-------+----------------+-----------+---------+----------+-----------------+------------------+------------------+------------------+-----------------+---------------+
|   0   | FL_hip_joint   |   0.000   |  0.000  |  0.000   |      0.000      |      0.000       |      0.000       | [-1.047, 1.047]  |      30.100     |    1.0e+09    |
|   1   | FR_hip_joint   |   0.000   |  0.000  |  0.000   |      0.000      |      0.000       |      0.000       | [-1.047, 1.047]  |      30.100     |    1.0e+09    |
|   2   | RL_hip_joint   |   0.000   |  0.000  |  0.000   |      0.000      |      0.000       |      0.000       | [-1.047, 1.047]  |      30.100     |    1.0e+09    |
|   3   | RR_hip_joint   |   0.000   |  0.000  |  0.000   |      0.000      |      0.000       |      0.000       | [-1.047, 1.047]  |      30.100     |    1.0e+09    |
|   4   | FL_thigh_joint |   0.000   |  0.000  |  0.000   |      0.000      |      0.000       |      0.000       | [-1.571, 3.491]  |      30.100     |    1.0e+09    |
|   5   | FR_thigh_joint |   0.000   |  0.000  |  0.000   |      0.000      |      0.000       |      0.000       | [-1.571, 3.491]  |      30.100     |    1.0e+09    |
|   6   | RL_thigh_joint |   0.000   |  0.000  |  0.000   |      0.000      |      0.000       |      0.000       | [-0.524, 4.538]  |      30.100     |    1.0e+09    |
|   7   | RR_thigh_joint |   0.000   |  0.000  |  0.000   |      0.000      |      0.000       |      0.000       | [-0.524, 4.538]  |      30.100     |    1.0e+09    |
|   8   | FL_calf_joint  |   0.000   |  0.000  |  0.000   |      0.000      |      0.000       |      0.000       | [-2.723, -0.838] |      15.700     |    1.0e+09    |
|   9   | FR_calf_joint  |   0.000   |  0.000  |  0.000   |      0.000      |      0.000       |      0.000       | [-2.723, -0.838] |      15.700     |    1.0e+09    |
|   10  | RL_calf_joint  |   0.000   |  0.000  |  0.000   |      0.000      |      0.000       |      0.000       | [-2.723, -0.838] |      15.700     |    1.0e+09    |
|   11  | RR_calf_joint  |   0.000   |  0.000  |  0.000   |      0.000      |      0.000       |      0.000       | [-2.723, -0.838] |      15.700     |    1.0e+09    |
+-------+----------------+-----------+---------+----------+-----------------+------------------+------------------+------------------+-----------------+---------------+
[INFO]: Created infinite plane mesh prim: /World/ground/terrain/GroundPlane/CollisionPlane.
[INFO]: Time taken for simulation start Last: 0.648931 s, Mean: 0.648931 s, Std: 0.000000 s, N: 1
[INFO] Command Manager:  <CommandManager> contains 1 active terms.
+------------------------------------------------+
|              Active Command Terms              |
+-------+---------------+------------------------+
| Index | Name          |          Type          |
+-------+---------------+------------------------+
|   0   | base_velocity | UniformVelocityCommand |
+-------+---------------+------------------------+

[INFO] Event Manager:  <EventManager> contains 2 active terms.
+--------------------------------------+
| Active Event Terms in Mode: 'startup' |
+----------+---------------------------+
|  Index   | Name                      |
+----------+---------------------------+
|    0     | physics_material          |
|    1     | add_base_mass             |
|    2     | base_com                  |
+----------+---------------------------+
+-------------------------------------+
| Active Event Terms in Mode: 'reset' |
+---------+---------------------------+
|  Index  | Name                      |
+---------+---------------------------+
|    0    | reset_base                |
|    1    | reset_robot_joints        |
+---------+---------------------------+

[INFO] Recorder Manager:  <RecorderManager> contains 0 active terms.
+---------------------+
| Active Recorder Terms |
+-----------+---------+
|   Index   | Name    |
+-----------+---------+
+-----------+---------+

[INFO]: Resolved joint names for the action term JointPositionAction: ['FL_hip_joint', 'FR_hip_joint', 'RL_hip_joint', 'RR_hip_joint', 'FL_thigh_joint', 'FR_thigh_joint', 'RL_thigh_joint', 'RR_thigh_joint', 'FL_calf_joint', 'FR_calf_joint', 'RL_calf_joint', 'RR_calf_joint'] [[0, 1, 2, 3, 4, 5, 6, 7, 8, 9, 10, 11]]
/home/exhibition-spakona/miniforge3/envs/isaaclab/lib/python3.12/site-packages/rsl_rl/utils/utils.py:220: UserWarning: The observation configuration dictionary 'obs_groups' is empty and thus likely not configured. Consider configuring the 'obs_groups' dictionary explicitly
  warnings.warn(
/home/exhibition-spakona/miniforge3/envs/isaaclab/lib/python3.12/site-packages/rsl_rl/utils/utils.py:251: UserWarning: The observation configuration dictionary 'obs_groups' does not contain the 'actor' key. As an observation group with the name 'policy' was found, this is assumed to be the appropriate observation. Consider adding the 'actor' key to the 'obs_groups' dictionary for clarity. This behavior will be removed in a future version.
  warnings.warn(
/home/exhibition-spakona/miniforge3/envs/isaaclab/lib/python3.12/site-packages/rsl_rl/utils/utils.py:251: UserWarning: The observation configuration dictionary 'obs_groups' does not contain the 'critic' key. As an observation group with the name 'policy' was found, this is assumed to be the appropriate observation. Consider adding the 'critic' key to the 'obs_groups' dictionary for clarity. This behavior will be removed in a future version.
  warnings.warn(
[INFO] Action Manager:  <ActionManager> contains 1 active terms.
+------------------------------------+
|  Active Action Terms (shape: 12)   |
+--------+-------------+-------------+
| Index  | Name        |   Dimension |
+--------+-------------+-------------+
|   0    | joint_pos   |          12 |
+--------+-------------+-------------+

[INFO] Observation Manager: <ObservationManager> contains 1 groups.
+----------------------------------------------------------+
| Active Observation Terms in Group: 'policy' (shape: (235,)) |
+-----------+--------------------------------+-------------+
|   Index   | Name                           |    Shape    |
+-----------+--------------------------------+-------------+
|     0     | base_lin_vel                   |     (3,)    |
|     1     | base_ang_vel                   |     (3,)    |
|     2     | projected_gravity              |     (3,)    |
|     3     | velocity_commands              |     (3,)    |
|     4     | joint_pos                      |    (12,)    |
|     5     | joint_vel                      |    (12,)    |
|     6     | actions                        |    (12,)    |
|     7     | height_scan                    |    (187,)   |
+-----------+--------------------------------+-------------+

[INFO] Termination Manager:  <TerminationManager> contains 2 active terms.
+---------------------------------+
|     Active Termination Terms    |
+-------+--------------+----------+
| Index | Name         | Time Out |
+-------+--------------+----------+
|   0   | time_out     |   True   |
|   1   | base_contact |  False   |
+-------+--------------+----------+

[INFO] Reward Manager:  <RewardManager> contains 15 active terms.
+-----------------------------------------+
|           Active Reward Terms           |
+-------+----------------------+----------+
| Index | Name                 |   Weight |
+-------+----------------------+----------+
|   0   | track_lin_vel_xy_exp |      2.5 |
|   1   | track_ang_vel_z_exp  |     0.75 |
|   2   | lin_vel_z_l2         |      0.0 |
|   3   | ang_vel_xy_l2        |    -0.05 |
|   4   | dof_torques_l2       |  -0.0002 |
|   5   | dof_acc_l2           | -2.5e-07 |
|   6   | action_rate_l2       |    -0.01 |
|   7   | undesired_contacts   |     -1.0 |
|   8   | dof_pos_limits       |      0.0 |
|   9   | stand_still_penalty  |     -1.5 |
|   10  | front_feet_contact   |     -3.0 |
|   11  | front_feet_height    |      1.5 |
|   12  | biped_feet_air_time  |      2.0 |
|   13  | biped_base_height    |      1.0 |
|   14  | biped_orientation    |      1.5 |
+-------+----------------------+----------+

[INFO] Curriculum Manager:  <CurriculumManager> contains 0 active terms.
+----------------------+
| Active Curriculum Terms |
+-----------+----------+
|   Index   | Name     |
+-----------+----------+
+-----------+----------+

[INFO]: Completed setting up the environment...
Loading: /home/exhibition-spakona/Desktop/REINFORCEMENT/go2_bipedal/logs/rsl_rl/2026-08-21_02-35-27/model_799.pt
--------------------------------------------------------------------------------
Resolved observation sets: 
	 actor :  ['policy']
	 critic :  ['policy']
--------------------------------------------------------------------------------
Actor Model: MLPModel(
  (obs_normalizer): Identity()
  (distribution): GaussianDistribution()
  (mlp): MLP(
    (0): Linear(in_features=235, out_features=512, bias=True)
    (1): ELU(alpha=1.0)
    (2): Linear(in_features=512, out_features=256, bias=True)
    (3): ELU(alpha=1.0)
    (4): Linear(in_features=256, out_features=128, bias=True)
    (5): ELU(alpha=1.0)
    (6): Linear(in_features=128, out_features=12, bias=True)
  )
)
Critic Model: MLPModel(
  (obs_normalizer): Identity()
  (mlp): MLP(
    (0): Linear(in_features=235, out_features=512, bias=True)
    (1): ELU(alpha=1.0)
    (2): Linear(in_features=512, out_features=256, bias=True)
    (3): ELU(alpha=1.0)
    (4): Linear(in_features=256, out_features=128, bias=True)
    (5): ELU(alpha=1.0)
    (6): Linear(in_features=128, out_features=1, bias=True)
  )
)
[INFO]: SimulationContext cleared
=== BIPEDAL TRAJECTORY ANALYSIS (300 steps, dt=0.02s => 6.0s) ===
Start Position (X, Y, Z): (0.2962, 0.0629, 0.3625)
End Position   (X, Y, Z): (0.4518, -2.2900, 0.1868)
Total XY Displacement   : 2.3580 m
Mean Actual Velocity    : Vx=0.0223 m/s, Vy=-0.4016 m/s
Base Height (Z)         : Min=0.1312m, Max=0.3625m, Mean=0.1735m
Saved bipedal trajectory plots to /home/exhibition-spakona/Desktop/REINFORCEMENT/go2_bipedal/logs/trajectory_analysis.png
Loading user config located at: '/home/exhibition-spakona/miniforge3/envs/isaaclab/lib/python3.12/site-packages/isaacsim/kit/data/Kit/IsaacLab/3.0/user.config.json'
2026-08-20T18:57:28Z [0ms] [Warning] [omni.ext.plugin] [ext: isaaclab_visualizers] Extensions config 'extension.toml' doesn't exist '/home/exhibition-spakona/Desktop/REINFORCEMENT/IsaacLab/source/isaaclab_visualizers' or '/home/exhibition-spakona/Desktop/REINFORCEMENT/IsaacLab/source/isaaclab_visualizers/config'
2026-08-20T18:57:28Z [292ms] [Warning] [omni.usd_config.extension] Enable omni.materialx.libs extension to use MaterialX
2026-08-20T18:57:32Z [3,747ms] [Warning] [isaaclab.envs.manager_based_env] Seed not set for the environment. The environment creation may not be deterministic.
2026-08-20T18:57:32Z [3,768ms] [Warning] [isaaclab_physx.physics.physx_manager] TGS solver with enable_external_forces_every_iteration=False may cause noisy velocities.
2026-08-20T18:57:33Z [4,948ms] [Warning] [isaaclab.terrains.terrain_importer] Visual material specified for ground plane but no diffuse color found. Using default color: (0.0, 0.0, 0.0)
2026-08-20T18:57:34Z [5,733ms] [Warning] [usdrt.population.plugin] Last global time was not created. Did you call setEnableUsdNoticeHandling?
