WARNING: All log messages before absl::InitializeLog() is called are written to STDERR
E0000 00:00:1787247278.537397  395656 descriptor_database.cc:633] File already exists in database: grpc/health/v1/health.proto
W0000 00:00:1787247278.537438  395656 message.cc:301] Protobuf GeneratedMessageFactory: File is already registered: grpc/health/v1/health.proto
[ISAACLAB] AppLauncher initialization complete
Loading user config located at: '/home/exhibition-spakona/miniforge3/envs/isaaclab/lib/python3.12/site-packages/isaacsim/kit/data/Kit/IsaacLab/3.0/user.config.json'
2026-08-20T17:34:38Z [Info] [carb] Logging to file: /home/exhibition-spakona/miniforge3/envs/isaaclab/lib/python3.12/site-packages/isaacsim/kit/logs/Kit/IsaacLab/3.0/kit_20260821_023438.log
2026-08-20T17:34:38Z [11ms] [Warning] [omni.ext.plugin] [ext: isaaclab_visualizers] Extensions config 'extension.toml' doesn't exist '/home/exhibition-spakona/Desktop/REINFORCEMENT/IsaacLab/source/isaaclab_visualizers' or '/home/exhibition-spakona/Desktop/REINFORCEMENT/IsaacLab/source/isaaclab_visualizers/config'
2026-08-20T17:34:39Z [589ms] [Warning] [omni.rtx] Skipping unsupported non-NVIDIA GPU: Intel(R) Graphics (RPL-P)
2026-08-20T17:34:39Z [589ms] [Warning] [omni.rtx] Skipping unsupported non-NVIDIA GPU: Intel(R) Graphics (RPL-P)

|---------------------------------------------------------------------------------------------|
| Driver Version: 580.173.02    | Graphics API: Vulkan
|=============================================================================================|
| GPU | Name                             | Active | LDA | GPU Memory | Vendor-ID | LUID       |
|     |                                  |        |     |            | Device-ID | UUID       |
|     |                                  |        |     |            | Bus-ID    |            |
|---------------------------------------------------------------------------------------------|
| 0   | NVIDIA GeForce RTX 4060 Laptop.. | Yes: 0 |     | 8188    MB | 10de      | 0          |
|     |                                  |        |     |            | 28a0      | 0524d329.. |
|     |                                  |        |     |            | 1         |            |
|---------------------------------------------------------------------------------------------|
| 1   | Intel(R) Graphics (RPL-P)        |        |     | 11787   MB | 8086      | 0          |
|     |                                  |        |     |            | a7a8      | 8680a8a7.. |
|     |                                  |        |     |            | 0         |            |
|=============================================================================================|
| OS: 24.04.3 LTS (Noble Numbat) ubuntu, Version: 24.04.3, Kernel: 7.0.0-29-generic
| XServer Vendor: The X.Org Foundation, XServer Version: 12101011 (1.21.1.11)
| Processor: 13th Gen Intel(R) Core(TM) i7-13620H
| Bare Metal Cores: 10 | Bare Metal Logical Cores: 20
| Available Cores:  16 
|---------------------------------------------------------------------------------------------|
| Total Memory (MB): 15716 | Free Memory: 11429
| Total Page/Swap (MB): 4095 | Free Page/Swap: 3233
|---------------------------------------------------------------------------------------------|
2026-08-20T17:34:39Z [799ms] [Warning] [omni.rtx] CPU performance profile is set to powersave. This profile sets the CPU to the lowest frequency reducing performance.
2026-08-20T17:34:39Z [807ms] [Warning] [omni.rtx] IOMMU is enabled.
2026-08-20T17:34:40Z [1,749ms] [Warning] [omni.log] Source: omni.hydra was already registered.
2026-08-20T17:34:41Z [2,944ms] [Warning] [pxr.Semantics] pxr.Semantics is deprecated - please use Semantics instead
2026-08-20T17:34:41Z [3,011ms] [Warning] [omni.replicator.core.scripts.extension] No material configuration file, adding configuration to material settings directly.
2026-08-20T17:34:42Z [4,162ms] [Warning] [rtx.hydra] RenderDelegate : Warning /rtx/hydra/readTransformsFromFabricInRenderDelegate and geometry streaming are enabled together but this can cause issues with dynamic objects not streaming correctly due to problems in the transform update.
2026-08-20T17:34:44Z [6,533ms] [Warning] [isaaclab.envs.manager_based_env] Seed not set for the environment. The environment creation may not be deterministic.
2026-08-20T17:34:45Z [6,556ms] [Warning] [isaaclab_physx.physics.physx_manager] TGS solver with enable_external_forces_every_iteration=False may cause noisy velocities.
[INFO]: Base environment:
	Environment device    : cuda:0
	Environment seed      : None
	Physics step-size     : 0.005
	Rendering step-size   : 0.02
	Environment step-size : 0.02
[INFO]: Registered backend 'physx' for factory Articulation.
[INFO]: Registered backend 'physx' for factory FrameView.
[INFO]: Registered backend 'physx' for factory RayCaster.
[INFO]: Physics scene prim path: /physicsScene
[INFO]: Time taken for scene creation Last: 1.392748 s, Mean: 1.392748 s, Std: 0.000000 s, N: 1
[INFO]: Scene manager:  <class InteractiveScene>
	Number of environments: 1
	Environment spacing   : 2.5
	Source prim name      : /World/envs/env_0
	Global prim paths     : ['/World/ground']
	Replicate physics     : True
[INFO]: Created infinite plane mesh prim: /World/ground/terrain/GroundPlane/CollisionPlane.
2026-08-20T17:34:46Z [7,740ms] [Warning] [isaaclab.terrains.terrain_importer] Visual material specified for ground plane but no diffuse color found. Using default color: (0.0, 0.0, 0.0)
2026-08-20T17:34:47Z [8,783ms] [Warning] [omni.usd] Encountered USD Warnings but USD Diagnostics are currently muted. To view USD Warnings, please set the '/persistent/app/usd/muteUsdDiagnostics' setting to false in Preferences page.
2026-08-20T17:34:47Z [9,301ms] [Warning] [rtx.hydra] Mesh '/__Prototype_10912485447192857975/mesh_0' has corrupted data in primvar 'st': buffer size 35124 doesn't match expected size 90378 in faceVarying primvars
2026-08-20T17:34:47Z [9,301ms] [Warning] [rtx.hydra] Mesh '/__Prototype_10912485447192857975/mesh_0' has corrupted data in primvar 'st_1': buffer size 55254 doesn't match expected size 90378 in faceVarying primvars
2026-08-20T17:34:47Z [9,315ms] [Warning] [rtx.hydra] Mesh '/__Prototype_2887042722137666412/mesh_0' has corrupted data in primvar 'st': buffer size 178533 doesn't match expected size 233784 in faceVarying primvars
2026-08-20T17:34:47Z [9,315ms] [Warning] [rtx.hydra] Mesh '/__Prototype_2887042722137666412/mesh_0' has corrupted data in primvar 'st_1': buffer size 6960 doesn't match expected size 233784 in faceVarying primvars
2026-08-20T17:34:47Z [9,315ms] [Warning] [rtx.hydra] Mesh '/__Prototype_2887042722137666412/mesh_0' has corrupted data in primvar 'st_2': buffer size 6015 doesn't match expected size 233784 in faceVarying primvars
2026-08-20T17:34:47Z [9,315ms] [Warning] [rtx.hydra] Mesh '/__Prototype_2887042722137666412/mesh_0' has corrupted data in primvar 'st_4': buffer size 30390 doesn't match expected size 233784 in faceVarying primvars
2026-08-20T17:34:47Z [9,315ms] [Warning] [rtx.hydra] Mesh '/__Prototype_2887042722137666412/mesh_0' has corrupted data in primvar 'st_3': buffer size 11886 doesn't match expected size 233784 in faceVarying primvars
2026-08-20T17:34:47Z [9,335ms] [Warning] [rtx.hydra] Mesh '/__Prototype_3040269229353922324/mesh_0' has corrupted data in primvar 'st': buffer size 56922 doesn't match expected size 111120 in faceVarying primvars
2026-08-20T17:34:47Z [9,335ms] [Warning] [rtx.hydra] Mesh '/__Prototype_3040269229353922324/mesh_0' has corrupted data in primvar 'st_1': buffer size 54198 doesn't match expected size 111120 in faceVarying primvars
2026-08-20T17:34:47Z [9,340ms] [Warning] [rtx.hydra] Mesh '/__Prototype_11612855053916974016/mesh_0' has corrupted data in primvar 'st': buffer size 35124 doesn't match expected size 90402 in faceVarying primvars
2026-08-20T17:34:47Z [9,340ms] [Warning] [rtx.hydra] Mesh '/__Prototype_11612855053916974016/mesh_0' has corrupted data in primvar 'st_1': buffer size 55278 doesn't match expected size 90402 in faceVarying primvars
2026-08-20T17:34:47Z [9,342ms] [Warning] [rtx.hydra] Mesh '/__Prototype_1552595423448245384/mesh_0' has corrupted data in primvar 'st': buffer size 35124 doesn't match expected size 90402 in faceVarying primvars
2026-08-20T17:34:47Z [9,342ms] [Warning] [rtx.hydra] Mesh '/__Prototype_1552595423448245384/mesh_0' has corrupted data in primvar 'st_1': buffer size 55278 doesn't match expected size 90402 in faceVarying primvars
2026-08-20T17:34:47Z [9,344ms] [Warning] [rtx.hydra] Mesh '/__Prototype_4321277845195397388/mesh_0' has corrupted data in primvar 'st': buffer size 56922 doesn't match expected size 111120 in faceVarying primvars
2026-08-20T17:34:47Z [9,344ms] [Warning] [rtx.hydra] Mesh '/__Prototype_4321277845195397388/mesh_0' has corrupted data in primvar 'st_1': buffer size 54198 doesn't match expected size 111120 in faceVarying primvars
2026-08-20T17:34:47Z [9,346ms] [Warning] [rtx.hydra] Mesh '/__Prototype_8189225847931190742/mesh_0' has corrupted data in primvar 'st': buffer size 56922 doesn't match expected size 111120 in faceVarying primvars
2026-08-20T17:34:47Z [9,346ms] [Warning] [rtx.hydra] Mesh '/__Prototype_8189225847931190742/mesh_0' has corrupted data in primvar 'st_1': buffer size 54198 doesn't match expected size 111120 in faceVarying primvars
2026-08-20T17:34:47Z [9,349ms] [Warning] [rtx.hydra] Mesh '/__Prototype_10226591448776898959/mesh_0' has corrupted data in primvar 'st': buffer size 56922 doesn't match expected size 111120 in faceVarying primvars
[INFO]: Time taken for simulation start Last: 1.015844 s, Mean: 1.015844 s, Std: 0.000000 s, N: 1
[INFO]: SimulationContext cleared
2026-08-20T17:34:47Z [9,349ms] [Warning] [rtx.hydra] Mesh '/__Prototype_10226591448776898959/mesh_0' has corrupted data in primvar 'st_1': buffer size 54198 doesn't match expected size 111120 in faceVarying primvars
2026-08-20T17:34:47Z [9,351ms] [Warning] [rtx.hydra] Mesh '/__Prototype_2111051763582359301/mesh_0' has corrupted data in primvar 'st': buffer size 35124 doesn't match expected size 90378 in faceVarying primvars
2026-08-20T17:34:47Z [9,351ms] [Warning] [rtx.hydra] Mesh '/__Prototype_2111051763582359301/mesh_0' has corrupted data in primvar 'st_1': buffer size 55254 doesn't match expected size 90378 in faceVarying primvars
2026-08-20T17:34:47Z [9,353ms] [Warning] [rtx.hydra] Mesh '/__Prototype_15038850874427981001/mesh_0' has corrupted data in primvar 'st': buffer size 6270 doesn't match expected size 25806 in faceVarying primvars
2026-08-20T17:34:47Z [9,353ms] [Warning] [rtx.hydra] Mesh '/__Prototype_15038850874427981001/mesh_0' has corrupted data in primvar 'st_1': buffer size 19536 doesn't match expected size 25806 in faceVarying primvars
2026-08-20T17:34:47Z [9,358ms] [Warning] [rtx.hydra] Mesh '/__Prototype_16119849410557733192/mesh_0' has corrupted data in primvar 'st': buffer size 6270 doesn't match expected size 25806 in faceVarying primvars
2026-08-20T17:34:47Z [9,358ms] [Warning] [rtx.hydra] Mesh '/__Prototype_16119849410557733192/mesh_0' has corrupted data in primvar 'st_1': buffer size 19536 doesn't match expected size 25806 in faceVarying primvars
2026-08-20T17:34:47Z [9,359ms] [Warning] [rtx.hydra] Mesh '/__Prototype_11199819508836442578/mesh_0' has corrupted data in primvar 'st': buffer size 6270 doesn't match expected size 25806 in faceVarying primvars
2026-08-20T17:34:47Z [9,359ms] [Warning] [rtx.hydra] Mesh '/__Prototype_11199819508836442578/mesh_0' has corrupted data in primvar 'st_1': buffer size 19536 doesn't match expected size 25806 in faceVarying primvars
2026-08-20T17:34:47Z [9,360ms] [Warning] [rtx.hydra] Mesh '/__Prototype_9124157397617348070/mesh_0' has corrupted data in primvar 'st': buffer size 6270 doesn't match expected size 25806 in faceVarying primvars
2026-08-20T17:34:47Z [9,360ms] [Warning] [rtx.hydra] Mesh '/__Prototype_9124157397617348070/mesh_0' has corrupted data in primvar 'st_1': buffer size 19536 doesn't match expected size 25806 in faceVarying primvars
2026-08-20T17:34:48Z [9,670ms] [Warning] [omni.usd] Unexpected reference count of 2 for UsdStage 'anon:0x643c126272a0:World0.usd' while being closed in UsdContext (this may indicate it is still resident in memory).
Traceback (most recent call last):
  File "/home/exhibition-spakona/Desktop/REINFORCEMENT/go2_single_leg/record_video.py", line 107, in <module>
    main()
  File "/home/exhibition-spakona/Desktop/REINFORCEMENT/go2_single_leg/record_video.py", line 54, in main
    env = gym.make(args_cli.task, cfg=env_cfg, render_mode="rgb_array")
          ^^^^^^^^^^^^^^^^^^^^^^^^^^^^^^^^^^^^^^^^^^^^^^^^^^^^^^^^^^^^^
  File "/home/exhibition-spakona/miniforge3/envs/isaaclab/lib/python3.12/site-packages/gymnasium/envs/registration.py", line 734, in make
    env = env_creator(**env_spec_kwargs)
          ^^^^^^^^^^^^^^^^^^^^^^^^^^^^^^
  File "/home/exhibition-spakona/Desktop/REINFORCEMENT/IsaacLab/source/isaaclab/isaaclab/envs/manager_based_rl_env.py", line 88, in __init__
    super().__init__(cfg=cfg)
  File "/home/exhibition-spakona/Desktop/REINFORCEMENT/IsaacLab/source/isaaclab/isaaclab/envs/manager_based_env.py", line 125, in __init__
    self._init_sim()
  File "/home/exhibition-spakona/Desktop/REINFORCEMENT/IsaacLab/source/isaaclab/isaaclab/envs/manager_based_env.py", line 219, in _init_sim
    self.sim.reset()
  File "/home/exhibition-spakona/Desktop/REINFORCEMENT/IsaacLab/source/isaaclab/isaaclab/sim/simulation_context.py", line 720, in reset
    self.physics_manager.reset(soft)
  File "/home/exhibition-spakona/Desktop/REINFORCEMENT/IsaacLab/source/isaaclab_physx/isaaclab_physx/physics/physx_manager.py", line 326, in reset
    cls.raise_callback_exception_if_any()
  File "/home/exhibition-spakona/Desktop/REINFORCEMENT/IsaacLab/source/isaaclab_physx/isaaclab_physx/physics/physx_manager.py", line 473, in raise_callback_exception_if_any
    raise exc
  File "/home/exhibition-spakona/Desktop/REINFORCEMENT/IsaacLab/source/isaaclab/isaaclab/physics/physics_manager.py", line 406, in safe_callback_invoke
    fn(*args)
  File "/home/exhibition-spakona/Desktop/REINFORCEMENT/IsaacLab/source/isaaclab/isaaclab/assets/asset_base.py", line 364, in _invoke
    getattr(obj_ref, callback_name)(event)
  File "/home/exhibition-spakona/Desktop/REINFORCEMENT/IsaacLab/source/isaaclab/isaaclab/assets/asset_base.py", line 404, in _initialize_callback
    self._initialize_impl()
  File "/home/exhibition-spakona/Desktop/REINFORCEMENT/IsaacLab/source/isaaclab_physx/isaaclab_physx/assets/articulation/articulation.py", line 3814, in _initialize_impl
    self._validate_cfg()
  File "/home/exhibition-spakona/Desktop/REINFORCEMENT/IsaacLab/source/isaaclab_physx/isaaclab_physx/assets/articulation/articulation.py", line 4343, in _validate_cfg
    raise ValueError(msg)
ValueError: The following joints have default positions out of the limits: 
	- 'RL_thigh_joint': -0.800 not in [-0.524, 4.538]

