WARNING: All log messages before absl::InitializeLog() is called are written to STDERR
E0000 00:00:1787457216.400019 1847477 descriptor_database.cc:633] File already exists in database: grpc/health/v1/health.proto
W0000 00:00:1787457216.400051 1847477 message.cc:301] Protobuf GeneratedMessageFactory: File is already registered: grpc/health/v1/health.proto
[ISAACLAB] AppLauncher initialization complete
Loading user config located at: '/home/exhibition-spakona/miniforge3/envs/isaaclab/lib/python3.12/site-packages/isaacsim/kit/data/Kit/IsaacLab/3.0/user.config.json'
2026-08-23T03:53:36Z [Info] [carb] Logging to file: /home/exhibition-spakona/miniforge3/envs/isaaclab/lib/python3.12/site-packages/isaacsim/kit/logs/Kit/IsaacLab/3.0/kit_20260823_125336.log
2026-08-23T03:53:36Z [9ms] [Warning] [omni.ext.plugin] [ext: isaaclab_visualizers] Extensions config 'extension.toml' doesn't exist '/home/exhibition-spakona/Desktop/REINFORCEMENT/IsaacLab/source/isaaclab_visualizers' or '/home/exhibition-spakona/Desktop/REINFORCEMENT/IsaacLab/source/isaaclab_visualizers/config'
2026-08-23T03:53:36Z [541ms] [Warning] [omni.rtx] Skipping unsupported non-NVIDIA GPU: Intel(R) Graphics (RPL-P)
2026-08-23T03:53:36Z [541ms] [Warning] [omni.rtx] Skipping unsupported non-NVIDIA GPU: Intel(R) Graphics (RPL-P)

|---------------------------------------------------------------------------------------------|
| Driver Version: 580.173.02    | Graphics API: Vulkan
|=============================================================================================|
| GPU | Name                             | Active | LDA | GPU Memory | Vendor-ID | LUID       |
|     |                                  |        |     |            | Device-ID | UUID       |
|     |                                  |        |     |            | Bus-ID    |            |
|---------------------------------------------------------------------------------------------|
| 0   | NVIDIA GeForce RTX 4060 Laptop.. | Yes: 0 |     | 8188    MB | 10de      | 0          |
|     |                                  |        |     |            | 28a0      | 0524d329.. |
|     |                                  |        |     |            | 1         |            |
|---------------------------------------------------------------------------------------------|
| 1   | Intel(R) Graphics (RPL-P)        |        |     | 11787   MB | 8086      | 0          |
|     |                                  |        |     |            | a7a8      | 8680a8a7.. |
|     |                                  |        |     |            | 0         |            |
|=============================================================================================|
| OS: 24.04.3 LTS (Noble Numbat) ubuntu, Version: 24.04.3, Kernel: 7.0.0-29-generic
| XServer Vendor: The X.Org Foundation, XServer Version: 12101011 (1.21.1.11)
| Processor: 13th Gen Intel(R) Core(TM) i7-13620H
| Bare Metal Cores: 10 | Bare Metal Logical Cores: 20
| Available Cores:  16 
|---------------------------------------------------------------------------------------------|
| Total Memory (MB): 15716 | Free Memory: 11249
| Total Page/Swap (MB): 4095 | Free Page/Swap: 2768
|---------------------------------------------------------------------------------------------|
2026-08-23T03:53:37Z [734ms] [Warning] [omni.rtx] CPU performance profile is set to powersave. This profile sets the CPU to the lowest frequency reducing performance.
2026-08-23T03:53:37Z [742ms] [Warning] [omni.rtx] IOMMU is enabled.
2026-08-23T03:53:37Z [1,580ms] [Warning] [omni.log] Source: omni.hydra was already registered.
2026-08-23T03:53:39Z [2,715ms] [Warning] [pxr.Semantics] pxr.Semantics is deprecated - please use Semantics instead
2026-08-23T03:53:39Z [2,774ms] [Warning] [omni.replicator.core.scripts.extension] No material configuration file, adding configuration to material settings directly.
2026-08-23T03:53:40Z [3,707ms] [Warning] [rtx.hydra] RenderDelegate : Warning /rtx/hydra/readTransformsFromFabricInRenderDelegate and geometry streaming are enabled together but this can cause issues with dynamic objects not streaming correctly due to problems in the transform update.
2026-08-23T03:53:42Z [5,855ms] [Warning] [isaaclab.envs.manager_based_env] Seed not set for the environment. The environment creation may not be deterministic.
2026-08-23T03:53:42Z [5,876ms] [Warning] [isaaclab_physx.physics.physx_manager] TGS solver with enable_external_forces_every_iteration=False may cause noisy velocities.
[INFO]: Base environment:
	Environment device    : cuda:0
	Environment seed      : None
	Physics step-size     : 0.005
	Rendering step-size   : 0.02
	Environment step-size : 0.02
[INFO]: Registered backend 'physx' for factory Articulation.
[INFO]: Registered backend 'physx' for factory FrameView.
[INFO]: Registered backend 'physx' for factory RayCaster.
[INFO]: Physics scene prim path: /physicsScene
[INFO]: Time taken for scene creation Last: 1.551641 s, Mean: 1.551641 s, Std: 0.000000 s, N: 1
[INFO]: Scene manager:  <class InteractiveScene>
	Number of environments: 1
	Environment spacing   : 2.5
	Source prim name      : /World/envs/env_0
	Global prim paths     : ['/World/ground']
	Replicate physics     : True
[INFO]: Simulation parameters for joints in /World/envs/env_.*/Robot:
+----------------------------------------------------------------------------------------------------------------------------------------------------------------------+
|                                                  Simulation Joint Information (Prim path: /World/envs/env_.*/Robot)                                                  |
+-------+----------------+-----------+---------+----------+-----------------+------------------+------------------+------------------+-----------------+---------------+
| Index | Name           | Stiffness | Damping | Armature | Static Friction | Dynamic Friction | Viscous Friction | Position Limits  | Velocity Limits | Effort Limits |
+-------+----------------+-----------+---------+----------+-----------------+------------------+------------------+------------------+-----------------+---------------+
|   0   | FL_hip_joint   |   0.000   |  0.000  |  0.000   |      0.000      |      0.000       |      0.000       | [-1.047, 1.047]  |      30.100     |    1.0e+09    |
|   1   | FR_hip_joint   |   0.000   |  0.000  |  0.000   |      0.000      |      0.000       |      0.000       | [-1.047, 1.047]  |      30.100     |    1.0e+09    |
|   2   | RL_hip_joint   |   0.000   |  0.000  |  0.000   |      0.000      |      0.000       |      0.000       | [-1.047, 1.047]  |      30.100     |    1.0e+09    |
|   3   | RR_hip_joint   |   0.000   |  0.000  |  0.000   |      0.000      |      0.000       |      0.000       | [-1.047, 1.047]  |      30.100     |    1.0e+09    |
|   4   | FL_thigh_joint |   0.000   |  0.000  |  0.000   |      0.000      |      0.000       |      0.000       | [-1.571, 3.491]  |      30.100     |    1.0e+09    |
|   5   | FR_thigh_joint |   0.000   |  0.000  |  0.000   |      0.000      |      0.000       |      0.000       | [-1.571, 3.491]  |      30.100     |    1.0e+09    |
|   6   | RL_thigh_joint |   0.000   |  0.000  |  0.000   |      0.000      |      0.000       |      0.000       | [-0.524, 4.538]  |      30.100     |    1.0e+09    |
|   7   | RR_thigh_joint |   0.000   |  0.000  |  0.000   |      0.000      |      0.000       |      0.000       | [-0.524, 4.538]  |      30.100     |    1.0e+09    |
|   8   | FL_calf_joint  |   0.000   |  0.000  |  0.000   |      0.000      |      0.000       |      0.000       | [-2.723, -0.838] |      15.700     |    1.0e+09    |
|   9   | FR_calf_joint  |   0.000   |  0.000  |  0.000   |      0.000      |      0.000       |      0.000       | [-2.723, -0.838] |      15.700     |    1.0e+09    |
|   10  | RL_calf_joint  |   0.000   |  0.000  |  0.000   |      0.000      |      0.000       |      0.000       | [-2.723, -0.838] |      15.700     |    1.0e+09    |
|   11  | RR_calf_joint  |   0.000   |  0.000  |  0.000   |      0.000      |      0.000       |      0.000       | [-2.723, -0.838] |      15.700     |    1.0e+09    |
+-------+----------------+-----------+---------+----------+-----------------+------------------+------------------+------------------+-----------------+---------------+
[INFO]: Created infinite plane mesh prim: /World/ground/terrain/GroundPlane/CollisionPlane.
2026-08-23T03:53:43Z [7,207ms] [Warning] [isaaclab.terrains.terrain_importer] Visual material specified for ground plane but no diffuse color found. Using default color: (0.0, 0.0, 0.0)
2026-08-23T03:53:44Z [8,202ms] [Warning] [omni.usd] Encountered USD Warnings but USD Diagnostics are currently muted. To view USD Warnings, please set the '/persistent/app/usd/muteUsdDiagnostics' setting to false in Preferences page.
2026-08-23T03:53:44Z [8,512ms] [Warning] [rtx.hydra] Mesh '/__Prototype_2887042722137666412/mesh_0' has corrupted data in primvar 'st': buffer size 178533 doesn't match expected size 233784 in faceVarying primvars
2026-08-23T03:53:44Z [8,512ms] [Warning] [rtx.hydra] Mesh '/__Prototype_2887042722137666412/mesh_0' has corrupted data in primvar 'st_1': buffer size 6960 doesn't match expected size 233784 in faceVarying primvars
2026-08-23T03:53:44Z [8,512ms] [Warning] [rtx.hydra] Mesh '/__Prototype_2887042722137666412/mesh_0' has corrupted data in primvar 'st_2': buffer size 6015 doesn't match expected size 233784 in faceVarying primvars
2026-08-23T03:53:44Z [8,512ms] [Warning] [rtx.hydra] Mesh '/__Prototype_2887042722137666412/mesh_0' has corrupted data in primvar 'st_3': buffer size 11886 doesn't match expected size 233784 in faceVarying primvars
2026-08-23T03:53:44Z [8,512ms] [Warning] [rtx.hydra] Mesh '/__Prototype_2887042722137666412/mesh_0' has corrupted data in primvar 'st_4': buffer size 30390 doesn't match expected size 233784 in faceVarying primvars
2026-08-23T03:53:44Z [8,535ms] [Warning] [rtx.hydra] Mesh '/__Prototype_10912485447192857975/mesh_0' has corrupted data in primvar 'st': buffer size 35124 doesn't match expected size 90378 in faceVarying primvars
2026-08-23T03:53:44Z [8,535ms] [Warning] [rtx.hydra] Mesh '/__Prototype_10912485447192857975/mesh_0' has corrupted data in primvar 'st_1': buffer size 55254 doesn't match expected size 90378 in faceVarying primvars
2026-08-23T03:53:44Z [8,552ms] [Warning] [rtx.hydra] Mesh '/__Prototype_11612855053916974016/mesh_0' has corrupted data in primvar 'st': buffer size 35124 doesn't match expected size 90402 in faceVarying primvars
2026-08-23T03:53:44Z [8,552ms] [Warning] [rtx.hydra] Mesh '/__Prototype_11612855053916974016/mesh_0' has corrupted data in primvar 'st_1': buffer size 55278 doesn't match expected size 90402 in faceVarying primvars
2026-08-23T03:53:44Z [8,557ms] [Warning] [rtx.hydra] Mesh '/__Prototype_1552595423448245384/mesh_0' has corrupted data in primvar 'st': buffer size 35124 doesn't match expected size 90402 in faceVarying primvars
2026-08-23T03:53:44Z [8,557ms] [Warning] [rtx.hydra] Mesh '/__Prototype_1552595423448245384/mesh_0' has corrupted data in primvar 'st_1': buffer size 55278 doesn't match expected size 90402 in faceVarying primvars
2026-08-23T03:53:44Z [8,560ms] [Warning] [rtx.hydra] Mesh '/__Prototype_8189225847931190742/mesh_0' has corrupted data in primvar 'st': buffer size 56922 doesn't match expected size 111120 in faceVarying primvars
2026-08-23T03:53:44Z [8,560ms] [Warning] [rtx.hydra] Mesh '/__Prototype_8189225847931190742/mesh_0' has corrupted data in primvar 'st_1': buffer size 54198 doesn't match expected size 111120 in faceVarying primvars
2026-08-23T03:53:44Z [8,564ms] [Warning] [rtx.hydra] Mesh '/__Prototype_4321277845195397388/mesh_0' has corrupted data in primvar 'st': buffer size 56922 doesn't match expected size 111120 in faceVarying primvars
2026-08-23T03:53:44Z [8,564ms] [Warning] [rtx.hydra] Mesh '/__Prototype_4321277845195397388/mesh_0' has corrupted data in primvar 'st_1': buffer size 54198 doesn't match expected size 111120 in faceVarying primvars
2026-08-23T03:53:44Z [8,566ms] [Warning] [rtx.hydra] Mesh '/__Prototype_10226591448776898959/mesh_0' has corrupted data in primvar 'st': buffer size 56922 doesn't match expected size 111120 in faceVarying primvars
2026-08-23T03:53:44Z [8,566ms] [Warning] [rtx.hydra] Mesh '/__Prototype_10226591448776898959/mesh_0' has corrupted data in primvar 'st_1': buffer size 54198 doesn't match expected size 111120 in faceVarying primvars
2026-08-23T03:53:44Z [8,567ms] [Warning] [rtx.hydra] Mesh '/__Prototype_3040269229353922324/mesh_0' has corrupted data in primvar 'st': buffer size 56922 doesn't match expected size 111120 in faceVarying primvars
[INFO]: Time taken for simulation start Last: 1.262563 s, Mean: 1.262563 s, Std: 0.000000 s, N: 1
[INFO] Command Manager:  <CommandManager> contains 1 active terms.
+------------------------------------------------+
|              Active Command Terms              |
+-------+---------------+------------------------+
| Index | Name          |          Type          |
+-------+---------------+------------------------+
|   0   | base_velocity | UniformVelocityCommand |
+-------+---------------+------------------------+

[INFO] Event Manager:  <EventManager> contains 2 active terms.
+--------------------------------------+
| Active Event Terms in Mode: 'startup' |
+----------+---------------------------+
|  Index   | Name                      |
+----------+---------------------------+
|    0     | physics_material          |
|    1     | add_base_mass             |
|    2     | base_com                  |
+----------+---------------------------+
+-------------------------------------+
| Active Event Terms in Mode: 'reset' |
+---------+---------------------------+
|  Index  | Name                      |
+---------+---------------------------+
|    0    | reset_base                |
|    1    | reset_robot_joints        |
+---------+---------------------------+

[INFO] Recorder Manager:  <RecorderManager> contains 0 active terms.
+---------------------+
| Active Recorder Terms |
+-----------+---------+
|   Index   | Name    |
+-----------+---------+
+-----------+---------+

[INFO]: Resolved joint names for the action term JointPositionAction: ['FL_hip_joint', 'FR_hip_joint', 'RL_hip_joint', 'RR_hip_joint', 'FL_thigh_joint', 'FR_thigh_joint', 'RL_thigh_joint', 'RR_thigh_joint', 'FL_calf_joint', 'FR_calf_joint', 'RL_calf_joint', 'RR_calf_joint'] [[0, 1, 2, 3, 4, 5, 6, 7, 8, 9, 10, 11]]
/home/exhibition-spakona/miniforge3/envs/isaaclab/lib/python3.12/site-packages/gymnasium/wrappers/rendering.py:293: UserWarning: [33mWARN: Overwriting existing videos at /home/exhibition-spakona/Desktop/REINFORCEMENT/go2_single_leg/logs/videos folder (try specifying a different `video_folder` for the `RecordVideo` wrapper if this is not desired)[0m
  logger.warn(
/home/exhibition-spakona/miniforge3/envs/isaaclab/lib/python3.12/site-packages/rsl_rl/utils/utils.py:220: UserWarning: The observation configuration dictionary 'obs_groups' is empty and thus likely not configured. Consider configuring the 'obs_groups' dictionary explicitly
  warnings.warn(
/home/exhibition-spakona/miniforge3/envs/isaaclab/lib/python3.12/site-packages/rsl_rl/utils/utils.py:251: UserWarning: The observation configuration dictionary 'obs_groups' does not contain the 'actor' key. As an observation group with the name 'policy' was found, this is assumed to be the appropriate observation. Consider adding the 'actor' key to the 'obs_groups' dictionary for clarity. This behavior will be removed in a future version.
  warnings.warn(
/home/exhibition-spakona/miniforge3/envs/isaaclab/lib/python3.12/site-packages/rsl_rl/utils/utils.py:251: UserWarning: The observation configuration dictionary 'obs_groups' does not contain the 'critic' key. As an observation group with the name 'policy' was found, this is assumed to be the appropriate observation. Consider adding the 'critic' key to the 'obs_groups' dictionary for clarity. This behavior will be removed in a future version.
  warnings.warn(
[INFO] Action Manager:  <ActionManager> contains 1 active terms.
+------------------------------------+
|  Active Action Terms (shape: 12)   |
+--------+-------------+-------------+
| Index  | Name        |   Dimension |
+--------+-------------+-------------+
|   0    | joint_pos   |          12 |
+--------+-------------+-------------+

[INFO] Observation Manager: <ObservationManager> contains 1 groups.
+----------------------------------------------------------+
| Active Observation Terms in Group: 'policy' (shape: (235,)) |
+-----------+--------------------------------+-------------+
|   Index   | Name                           |    Shape    |
+-----------+--------------------------------+-------------+
|     0     | base_lin_vel                   |     (3,)    |
|     1     | base_ang_vel                   |     (3,)    |
|     2     | projected_gravity              |     (3,)    |
|     3     | velocity_commands              |     (3,)    |
|     4     | joint_pos                      |    (12,)    |
|     5     | joint_vel                      |    (12,)    |
|     6     | actions                        |    (12,)    |
|     7     | height_scan                    |    (187,)   |
+-----------+--------------------------------+-------------+

[INFO] Termination Manager:  <TerminationManager> contains 4 active terms.
+----------------------------------------------+
|           Active Termination Terms           |
+-------+---------------------------+----------+
| Index | Name                      | Time Out |
+-------+---------------------------+----------+
|   0   | time_out                  |   True   |
|   1   | base_contact              |  False   |
|   2   | illegal_parts_contact     |  False   |
|   3   | root_height_below_minimum |  False   |
+-------+---------------------------+----------+

[INFO] Reward Manager:  <RewardManager> contains 13 active terms.
+----------------------------------------------+
|             Active Reward Terms              |
+-------+---------------------------+----------+
| Index | Name                      |   Weight |
+-------+---------------------------+----------+
|   0   | track_lin_vel_xy_exp      |      4.0 |
|   1   | track_ang_vel_z_exp       |      0.5 |
|   2   | lin_vel_z_l2              |     -2.0 |
|   3   | ang_vel_xy_l2             |    -0.05 |
|   4   | dof_torques_l2            |  -0.0002 |
|   5   | dof_acc_l2                | -2.5e-07 |
|   6   | action_rate_l2            |    -0.01 |
|   7   | dof_pos_limits            |      0.0 |
|   8   | right_foot_hopping_cycle  |      6.0 |
|   9   | upright_posture           |      2.5 |
|   10  | disabled_3legs_retraction |      3.0 |
|   11  | illegal_contact           |     -5.0 |
|   12  | base_height_exp           |      1.5 |
+-------+---------------------------+----------+

[INFO] Curriculum Manager:  <CurriculumManager> contains 0 active terms.
+----------------------+
| Active Curriculum Terms |
+-----------+----------+
|   Index   | Name     |
+-----------+----------+
+-----------+----------+

[INFO]: Completed setting up the environment...
[INFO] Loading checkpoint: /home/exhibition-spakona/Desktop/REINFORCEMENT/go2_single_leg/logs/rsl_rl/2026-08-23_11-18-01/model_799.pt
--------------------------------------------------------------------------------
Resolved observation sets: 
	 actor :  ['policy']
	 critic :  ['policy']
--------------------------------------------------------------------------------
Actor Model: MLPModel(
  (obs_normalizer): Identity()
  (distribution): GaussianDistribution()
  (mlp): MLP(
    (0): Linear(in_features=235, out_features=512, bias=True)
    (1): ELU(alpha=1.0)
    (2): Linear(in_features=512, out_features=256, bias=True)
    (3): ELU(alpha=1.0)
    (4): Linear(in_features=256, out_features=128, bias=True)
    (5): ELU(alpha=1.0)
    (6): Linear(in_features=128, out_features=12, bias=True)
  )
)
Critic Model: MLPModel(
  (obs_normalizer): Identity()
  (mlp): MLP(
    (0): Linear(in_features=235, out_features=512, bias=True)
    (1): ELU(alpha=1.0)
    (2): Linear(in_features=512, out_features=256, bias=True)
    (3): ELU(alpha=1.0)
    (4): Linear(in_features=256, out_features=128, bias=True)
    (5): ELU(alpha=1.0)
    (6): Linear(in_features=128, out_features=1, bias=True)
  )
)
[INFO] Recording 300 steps to MP4...
[INFO] Processed 50/300 steps...
[INFO] Processed 100/300 steps...
[INFO] Processed 150/300 steps...
[INFO] Processed 200/300 steps...
[INFO] Processed 250/300 steps...
[INFO] Processed 300/300 steps...
[INFO]: SimulationContext cleared
[SUCCESS] Video saved: /home/exhibition-spakona/Desktop/REINFORCEMENT/go2_single_leg/logs/go2_single_leg.mp4
2026-08-23T03:53:44Z [8,567ms] [Warning] [rtx.hydra] Mesh '/__Prototype_3040269229353922324/mesh_0' has corrupted data in primvar 'st_1': buffer size 54198 doesn't match expected size 111120 in faceVarying primvars
2026-08-23T03:53:44Z [8,568ms] [Warning] [rtx.hydra] Mesh '/__Prototype_2111051763582359301/mesh_0' has corrupted data in primvar 'st': buffer size 35124 doesn't match expected size 90378 in faceVarying primvars
2026-08-23T03:53:44Z [8,568ms] [Warning] [rtx.hydra] Mesh '/__Prototype_2111051763582359301/mesh_0' has corrupted data in primvar 'st_1': buffer size 55254 doesn't match expected size 90378 in faceVarying primvars
2026-08-23T03:53:44Z [8,569ms] [Warning] [rtx.hydra] Mesh '/__Prototype_15038850874427981001/mesh_0' has corrupted data in primvar 'st': buffer size 6270 doesn't match expected size 25806 in faceVarying primvars
2026-08-23T03:53:44Z [8,569ms] [Warning] [rtx.hydra] Mesh '/__Prototype_15038850874427981001/mesh_0' has corrupted data in primvar 'st_1': buffer size 19536 doesn't match expected size 25806 in faceVarying primvars
2026-08-23T03:53:44Z [8,578ms] [Warning] [rtx.hydra] Mesh '/__Prototype_11199819508836442578/mesh_0' has corrupted data in primvar 'st': buffer size 6270 doesn't match expected size 25806 in faceVarying primvars
2026-08-23T03:53:44Z [8,578ms] [Warning] [rtx.hydra] Mesh '/__Prototype_11199819508836442578/mesh_0' has corrupted data in primvar 'st_1': buffer size 19536 doesn't match expected size 25806 in faceVarying primvars
2026-08-23T03:53:44Z [8,578ms] [Warning] [rtx.hydra] Mesh '/__Prototype_16119849410557733192/mesh_0' has corrupted data in primvar 'st': buffer size 6270 doesn't match expected size 25806 in faceVarying primvars
2026-08-23T03:53:44Z [8,579ms] [Warning] [rtx.hydra] Mesh '/__Prototype_16119849410557733192/mesh_0' has corrupted data in primvar 'st_1': buffer size 19536 doesn't match expected size 25806 in faceVarying primvars
2026-08-23T03:53:44Z [8,579ms] [Warning] [rtx.hydra] Mesh '/__Prototype_9124157397617348070/mesh_0' has corrupted data in primvar 'st': buffer size 6270 doesn't match expected size 25806 in faceVarying primvars
2026-08-23T03:53:44Z [8,579ms] [Warning] [rtx.hydra] Mesh '/__Prototype_9124157397617348070/mesh_0' has corrupted data in primvar 'st_1': buffer size 19536 doesn't match expected size 25806 in faceVarying primvars
2026-08-23T03:53:45Z [9,017ms] [Warning] [omni.physx.fabric.plugin] FabricManager::initializePointInstancer mismatched prototypes on point instancer: /Visuals/Command/velocity_goal.
2026-08-23T03:53:45Z [9,017ms] [Warning] [omni.physx.fabric.plugin] FabricManager::initializePointInstancer mismatched prototypes on point instancer: /Visuals/Command/velocity_current.
2026-08-23T03:53:45Z [9,081ms] [Warning] [omni.fabric.plugin] Unsupported type encountered during VtValue extraction
2026-08-23T03:53:45Z [9,081ms] [Warning] [omni.fabric.plugin] Attempting to set an invalid data source to array attribute

2026-08-23T03:53:45Z [9,302ms] [Warning] [omni.syntheticdata.plugin] OgnSdPostRenderVarToHost : rendervar copy from texture directly to host buffer is counter-performant. Please use copy from texture to device buffer first.
2026-08-23T03:53:45Z [9,375ms] [Warning] [omni.kit.material.library.material_extensions] Could not initialize context menu integration: No module named 'omni.kit.context_menu'
