WARNING: All log messages before absl::InitializeLog() is called are written to STDERR
E0000 00:00:1787252258.322121  449662 descriptor_database.cc:633] File already exists in database: grpc/health/v1/health.proto
W0000 00:00:1787252258.322160  449662 message.cc:301] Protobuf GeneratedMessageFactory: File is already registered: grpc/health/v1/health.proto
[ISAACLAB] AppLauncher initialization complete
[INFO]: Base environment:
	Environment device    : cuda:0
	Environment seed      : 42
	Physics step-size     : 0.005
	Rendering step-size   : 0.02
	Environment step-size : 0.02
[INFO]: Registered backend 'physx' for factory Articulation.
[INFO] Generating terrains based on curriculum took Last: 0.870830 s
[INFO]: Registered backend 'physx' for factory FrameView.
[INFO]: Registered backend 'physx' for factory RayCaster.
[INFO]: Physics scene prim path: /physicsScene
[INFO]: Time taken for scene creation Last: 6.981079 s, Mean: 6.981079 s, Std: 0.000000 s, N: 1
[INFO]: Scene manager:  <class InteractiveScene>
	Number of environments: 4096
	Environment spacing   : 2.5
	Source prim name      : /World/envs/env_0
	Global prim paths     : ['/World/ground']
	Replicate physics     : True
[INFO]: Read mesh prim: /World/ground/terrain/mesh with 634872 vertices and 3578904 faces.
[INFO]: Time taken for simulation start Last: 19.145512 s, Mean: 19.145512 s, Std: 0.000000 s, N: 1
[INFO]: SimulationContext cleared
Loading user config located at: '/home/exhibition-spakona/miniforge3/envs/isaaclab/lib/python3.12/site-packages/isaacsim/kit/data/Kit/IsaacLab/3.0/user.config.json'
2026-08-20T18:57:38Z [0ms] [Warning] [omni.ext.plugin] [ext: isaaclab_visualizers] Extensions config 'extension.toml' doesn't exist '/home/exhibition-spakona/Desktop/REINFORCEMENT/IsaacLab/source/isaaclab_visualizers' or '/home/exhibition-spakona/Desktop/REINFORCEMENT/IsaacLab/source/isaaclab_visualizers/config'
2026-08-20T18:57:38Z [282ms] [Warning] [omni.usd_config.extension] Enable omni.materialx.libs extension to use MaterialX
2026-08-20T18:57:41Z [3,574ms] [Warning] [isaaclab_physx.physics.physx_manager] TGS solver with enable_external_forces_every_iteration=False may cause noisy velocities.
2026-08-20T18:58:00Z [22,248ms] [Warning] [usdrt.population.plugin] Last global time was not created. Did you call setEnableUsdNoticeHandling?
2026-08-20T18:58:09Z [30,958ms] [Warning] [omni.usd] Unexpected reference count of 2 for UsdStage 'anon:0x572d39cdca10:World0.usd' while being closed in UsdContext (this may indicate it is still resident in memory).
Traceback (most recent call last):
  File "/home/exhibition-spakona/Desktop/REINFORCEMENT/go2_single_leg/train.py", line 73, in <module>
    main()
  File "/home/exhibition-spakona/Desktop/REINFORCEMENT/go2_single_leg/train.py", line 45, in main
    env = gym.make(args_cli.task, cfg=env_cfg)
          ^^^^^^^^^^^^^^^^^^^^^^^^^^^^^^^^^^^^
  File "/home/exhibition-spakona/miniforge3/envs/isaaclab/lib/python3.12/site-packages/gymnasium/envs/registration.py", line 734, in make
    env = env_creator(**env_spec_kwargs)
          ^^^^^^^^^^^^^^^^^^^^^^^^^^^^^^
  File "/home/exhibition-spakona/Desktop/REINFORCEMENT/IsaacLab/source/isaaclab/isaaclab/envs/manager_based_rl_env.py", line 88, in __init__
    super().__init__(cfg=cfg)
  File "/home/exhibition-spakona/Desktop/REINFORCEMENT/IsaacLab/source/isaaclab/isaaclab/envs/manager_based_env.py", line 125, in __init__
    self._init_sim()
  File "/home/exhibition-spakona/Desktop/REINFORCEMENT/IsaacLab/source/isaaclab/isaaclab/envs/manager_based_env.py", line 219, in _init_sim
    self.sim.reset()
  File "/home/exhibition-spakona/Desktop/REINFORCEMENT/IsaacLab/source/isaaclab/isaaclab/sim/simulation_context.py", line 720, in reset
    self.physics_manager.reset(soft)
  File "/home/exhibition-spakona/Desktop/REINFORCEMENT/IsaacLab/source/isaaclab_physx/isaaclab_physx/physics/physx_manager.py", line 326, in reset
    cls.raise_callback_exception_if_any()
  File "/home/exhibition-spakona/Desktop/REINFORCEMENT/IsaacLab/source/isaaclab_physx/isaaclab_physx/physics/physx_manager.py", line 473, in raise_callback_exception_if_any
    raise exc
  File "/home/exhibition-spakona/Desktop/REINFORCEMENT/IsaacLab/source/isaaclab/isaaclab/physics/physics_manager.py", line 406, in safe_callback_invoke
    fn(*args)
  File "/home/exhibition-spakona/Desktop/REINFORCEMENT/IsaacLab/source/isaaclab/isaaclab/assets/asset_base.py", line 364, in _invoke
    getattr(obj_ref, callback_name)(event)
  File "/home/exhibition-spakona/Desktop/REINFORCEMENT/IsaacLab/source/isaaclab/isaaclab/assets/asset_base.py", line 404, in _initialize_callback
    self._initialize_impl()
  File "/home/exhibition-spakona/Desktop/REINFORCEMENT/IsaacLab/source/isaaclab_physx/isaaclab_physx/assets/articulation/articulation.py", line 3814, in _initialize_impl
    self._validate_cfg()
  File "/home/exhibition-spakona/Desktop/REINFORCEMENT/IsaacLab/source/isaaclab_physx/isaaclab_physx/assets/articulation/articulation.py", line 4343, in _validate_cfg
    raise ValueError(msg)
ValueError: The following joints have default positions out of the limits: 
	- 'RL_thigh_joint': -0.800 not in [-0.524, 4.538]

